#-----------------------------------------------------------
# Vivado v2022.1.2 (64-bit)
# SW Build 3605665 on Fri Aug  5 22:53:37 MDT 2022
# IP Build 3603185 on Sat Aug  6 04:07:44 MDT 2022
# Start of session at: Wed Nov 30 21:52:22 2022
# Process ID: 6120
# Current directory: C:/Users/alons/Desktop/puc/2022-2/sistemas_digitales/proyecto_grupo9/Proyecto_digitales_grupo9/proyecto_grupo9
# Command line: vivado.exe -gui_launcher_event rodinguilauncherevent11812 C:\Users\alons\Desktop\puc\2022-2\sistemas_digitales\proyecto_grupo9\Proyecto_digitales_grupo9\proyecto_grupo9\proyecto_grupo9.xpr
# Log file: C:/Users/alons/Desktop/puc/2022-2/sistemas_digitales/proyecto_grupo9/Proyecto_digitales_grupo9/proyecto_grupo9/vivado.log
# Journal file: C:/Users/alons/Desktop/puc/2022-2/sistemas_digitales/proyecto_grupo9/Proyecto_digitales_grupo9/proyecto_grupo9\vivado.jou
# Running On: vic_aperalts, OS: Windows, CPU Frequency: 2688 MHz, CPU Physical cores: 6, Host memory: 16800 MB
#-----------------------------------------------------------
start_gui
open_project C:/Users/alons/Desktop/puc/2022-2/sistemas_digitales/proyecto_grupo9/Proyecto_digitales_grupo9/proyecto_grupo9/proyecto_grupo9.xpr
